TimeQuest Timing Analyzer report for ALU
Tue Jan 17 17:39:15 2017
Quartus II 32-bit Version 13.0.1 Build 232 06/12/2013 Service Pack 1 SJ Full Version


---------------------
; Table of Contents ;
---------------------
  1. Legal Notice
  2. TimeQuest Timing Analyzer Summary
  3. Parallel Compilation
  4. Clocks
  5. Fmax Summary
  6. Setup Summary
  7. Hold Summary
  8. Recovery Summary
  9. Removal Summary
 10. Minimum Pulse Width Summary
 11. Propagation Delay
 12. Minimum Propagation Delay
 13. Clock Transfers
 14. Report TCCS
 15. Report RSKM
 16. Unconstrained Paths
 17. TimeQuest Timing Analyzer Messages



----------------
; Legal Notice ;
----------------
Copyright (C) 1991-2013 Altera Corporation
Your use of Altera Corporation's design tools, logic functions 
and other software and tools, and its AMPP partner logic 
functions, and any output files from any of the foregoing 
(including device programming or simulation files), and any 
associated documentation or information are expressly subject 
to the terms and conditions of the Altera Program License 
Subscription Agreement, Altera MegaCore Function License 
Agreement, or other applicable license agreement, including, 
without limitation, that your use is for the sole purpose of 
programming logic devices manufactured by Altera and sold by 
Altera or its authorized distributors.  Please refer to the 
applicable agreement for further details.



+-----------------------------------------------------------------------------------------+
; TimeQuest Timing Analyzer Summary                                                       ;
+--------------------+--------------------------------------------------------------------+
; Quartus II Version ; Version 13.0.1 Build 232 06/12/2013 Service Pack 1 SJ Full Version ;
; Revision Name      ; ALU                                                                ;
; Device Family      ; Cyclone                                                            ;
; Device Name        ; EP1C6Q240C8                                                        ;
; Timing Models      ; Final                                                              ;
; Delay Model        ; Slow Model                                                         ;
; Rise/Fall Delays   ; Unavailable                                                        ;
+--------------------+--------------------------------------------------------------------+


+------------------------------------------+
; Parallel Compilation                     ;
+----------------------------+-------------+
; Processors                 ; Number      ;
+----------------------------+-------------+
; Number detected on machine ; 2           ;
; Maximum allowed            ; 2           ;
;                            ;             ;
; Average used               ; 1.00        ;
; Maximum used               ; 1           ;
;                            ;             ;
; Usage by Processor         ; % Time Used ;
;     Processor 1            ; 100.0%      ;
;     Processor 2            ;   0.0%      ;
+----------------------------+-------------+


----------
; Clocks ;
----------
No clocks to report.


----------------
; Fmax Summary ;
----------------
No paths to report.


-----------------
; Setup Summary ;
-----------------
No paths to report.


----------------
; Hold Summary ;
----------------
No paths to report.


--------------------
; Recovery Summary ;
--------------------
No paths to report.


-------------------
; Removal Summary ;
-------------------
No paths to report.


-------------------------------
; Minimum Pulse Width Summary ;
-------------------------------
No paths to report.


+------------------------------------------------------+
; Propagation Delay                                    ;
+------------+-------------+--------+----+----+--------+
; Input Port ; Output Port ; RR     ; RF ; FR ; FF     ;
+------------+-------------+--------+----+----+--------+
; dataA[0]   ; out[0]      ; 8.554  ;    ;    ; 8.554  ;
; dataA[0]   ; out[1]      ; 10.641 ;    ;    ; 10.641 ;
; dataA[0]   ; out[2]      ; 13.729 ;    ;    ; 13.729 ;
; dataA[0]   ; out[3]      ; 14.696 ;    ;    ; 14.696 ;
; dataA[0]   ; out[4]      ; 16.721 ;    ;    ; 16.721 ;
; dataA[0]   ; out[5]      ; 18.931 ;    ;    ; 18.931 ;
; dataA[0]   ; out[6]      ; 20.229 ;    ;    ; 20.229 ;
; dataA[0]   ; out[7]      ; 20.623 ;    ;    ; 20.623 ;
; dataA[0]   ; out[8]      ; 23.312 ;    ;    ; 23.312 ;
; dataA[0]   ; out[9]      ; 24.129 ;    ;    ; 24.129 ;
; dataA[0]   ; out[10]     ; 24.897 ;    ;    ; 24.897 ;
; dataA[0]   ; out[11]     ; 26.098 ;    ;    ; 26.098 ;
; dataA[0]   ; out[12]     ; 27.208 ;    ;    ; 27.208 ;
; dataA[0]   ; out[13]     ; 31.293 ;    ;    ; 31.293 ;
; dataA[0]   ; out[14]     ; 31.582 ;    ;    ; 31.582 ;
; dataA[0]   ; out[15]     ; 32.913 ;    ;    ; 32.913 ;
; dataA[1]   ; out[1]      ; 10.640 ;    ;    ; 10.640 ;
; dataA[1]   ; out[2]      ; 14.643 ;    ;    ; 14.643 ;
; dataA[1]   ; out[3]      ; 15.610 ;    ;    ; 15.610 ;
; dataA[1]   ; out[4]      ; 17.635 ;    ;    ; 17.635 ;
; dataA[1]   ; out[5]      ; 19.845 ;    ;    ; 19.845 ;
; dataA[1]   ; out[6]      ; 21.143 ;    ;    ; 21.143 ;
; dataA[1]   ; out[7]      ; 21.537 ;    ;    ; 21.537 ;
; dataA[1]   ; out[8]      ; 24.226 ;    ;    ; 24.226 ;
; dataA[1]   ; out[9]      ; 25.043 ;    ;    ; 25.043 ;
; dataA[1]   ; out[10]     ; 25.811 ;    ;    ; 25.811 ;
; dataA[1]   ; out[11]     ; 27.012 ;    ;    ; 27.012 ;
; dataA[1]   ; out[12]     ; 28.122 ;    ;    ; 28.122 ;
; dataA[1]   ; out[13]     ; 32.207 ;    ;    ; 32.207 ;
; dataA[1]   ; out[14]     ; 32.496 ;    ;    ; 32.496 ;
; dataA[1]   ; out[15]     ; 33.827 ;    ;    ; 33.827 ;
; dataA[2]   ; out[2]      ; 11.652 ;    ;    ; 11.652 ;
; dataA[2]   ; out[3]      ; 12.849 ;    ;    ; 12.849 ;
; dataA[2]   ; out[4]      ; 14.874 ;    ;    ; 14.874 ;
; dataA[2]   ; out[5]      ; 17.084 ;    ;    ; 17.084 ;
; dataA[2]   ; out[6]      ; 18.382 ;    ;    ; 18.382 ;
; dataA[2]   ; out[7]      ; 18.776 ;    ;    ; 18.776 ;
; dataA[2]   ; out[8]      ; 21.465 ;    ;    ; 21.465 ;
; dataA[2]   ; out[9]      ; 22.282 ;    ;    ; 22.282 ;
; dataA[2]   ; out[10]     ; 23.050 ;    ;    ; 23.050 ;
; dataA[2]   ; out[11]     ; 24.251 ;    ;    ; 24.251 ;
; dataA[2]   ; out[12]     ; 25.361 ;    ;    ; 25.361 ;
; dataA[2]   ; out[13]     ; 29.446 ;    ;    ; 29.446 ;
; dataA[2]   ; out[14]     ; 29.735 ;    ;    ; 29.735 ;
; dataA[2]   ; out[15]     ; 31.066 ;    ;    ; 31.066 ;
; dataA[3]   ; out[3]      ; 12.671 ;    ;    ; 12.671 ;
; dataA[3]   ; out[4]      ; 14.995 ;    ;    ; 14.995 ;
; dataA[3]   ; out[5]      ; 17.205 ;    ;    ; 17.205 ;
; dataA[3]   ; out[6]      ; 18.503 ;    ;    ; 18.503 ;
; dataA[3]   ; out[7]      ; 18.897 ;    ;    ; 18.897 ;
; dataA[3]   ; out[8]      ; 21.586 ;    ;    ; 21.586 ;
; dataA[3]   ; out[9]      ; 22.403 ;    ;    ; 22.403 ;
; dataA[3]   ; out[10]     ; 23.171 ;    ;    ; 23.171 ;
; dataA[3]   ; out[11]     ; 24.372 ;    ;    ; 24.372 ;
; dataA[3]   ; out[12]     ; 25.482 ;    ;    ; 25.482 ;
; dataA[3]   ; out[13]     ; 29.567 ;    ;    ; 29.567 ;
; dataA[3]   ; out[14]     ; 29.856 ;    ;    ; 29.856 ;
; dataA[3]   ; out[15]     ; 31.187 ;    ;    ; 31.187 ;
; dataA[4]   ; out[4]      ; 13.019 ;    ;    ; 13.019 ;
; dataA[4]   ; out[5]      ; 15.889 ;    ;    ; 15.889 ;
; dataA[4]   ; out[6]      ; 17.187 ;    ;    ; 17.187 ;
; dataA[4]   ; out[7]      ; 17.581 ;    ;    ; 17.581 ;
; dataA[4]   ; out[8]      ; 20.270 ;    ;    ; 20.270 ;
; dataA[4]   ; out[9]      ; 21.087 ;    ;    ; 21.087 ;
; dataA[4]   ; out[10]     ; 21.855 ;    ;    ; 21.855 ;
; dataA[4]   ; out[11]     ; 23.056 ;    ;    ; 23.056 ;
; dataA[4]   ; out[12]     ; 24.166 ;    ;    ; 24.166 ;
; dataA[4]   ; out[13]     ; 28.251 ;    ;    ; 28.251 ;
; dataA[4]   ; out[14]     ; 28.540 ;    ;    ; 28.540 ;
; dataA[4]   ; out[15]     ; 29.871 ;    ;    ; 29.871 ;
; dataA[5]   ; out[5]      ; 11.123 ;    ;    ; 11.123 ;
; dataA[5]   ; out[6]      ; 12.680 ;    ;    ; 12.680 ;
; dataA[5]   ; out[7]      ; 13.074 ;    ;    ; 13.074 ;
; dataA[5]   ; out[8]      ; 15.763 ;    ;    ; 15.763 ;
; dataA[5]   ; out[9]      ; 16.580 ;    ;    ; 16.580 ;
; dataA[5]   ; out[10]     ; 17.348 ;    ;    ; 17.348 ;
; dataA[5]   ; out[11]     ; 18.549 ;    ;    ; 18.549 ;
; dataA[5]   ; out[12]     ; 19.659 ;    ;    ; 19.659 ;
; dataA[5]   ; out[13]     ; 23.744 ;    ;    ; 23.744 ;
; dataA[5]   ; out[14]     ; 24.033 ;    ;    ; 24.033 ;
; dataA[5]   ; out[15]     ; 25.364 ;    ;    ; 25.364 ;
; dataA[6]   ; out[6]      ; 10.819 ;    ;    ; 10.819 ;
; dataA[6]   ; out[7]      ; 11.972 ;    ;    ; 11.972 ;
; dataA[6]   ; out[8]      ; 14.661 ;    ;    ; 14.661 ;
; dataA[6]   ; out[9]      ; 15.478 ;    ;    ; 15.478 ;
; dataA[6]   ; out[10]     ; 16.246 ;    ;    ; 16.246 ;
; dataA[6]   ; out[11]     ; 17.447 ;    ;    ; 17.447 ;
; dataA[6]   ; out[12]     ; 18.557 ;    ;    ; 18.557 ;
; dataA[6]   ; out[13]     ; 22.642 ;    ;    ; 22.642 ;
; dataA[6]   ; out[14]     ; 22.931 ;    ;    ; 22.931 ;
; dataA[6]   ; out[15]     ; 24.262 ;    ;    ; 24.262 ;
; dataA[7]   ; out[7]      ; 11.102 ;    ;    ; 11.102 ;
; dataA[7]   ; out[8]      ; 14.531 ;    ;    ; 14.531 ;
; dataA[7]   ; out[9]      ; 15.348 ;    ;    ; 15.348 ;
; dataA[7]   ; out[10]     ; 16.116 ;    ;    ; 16.116 ;
; dataA[7]   ; out[11]     ; 17.317 ;    ;    ; 17.317 ;
; dataA[7]   ; out[12]     ; 18.427 ;    ;    ; 18.427 ;
; dataA[7]   ; out[13]     ; 22.512 ;    ;    ; 22.512 ;
; dataA[7]   ; out[14]     ; 22.801 ;    ;    ; 22.801 ;
; dataA[7]   ; out[15]     ; 24.132 ;    ;    ; 24.132 ;
; dataA[8]   ; out[8]      ; 11.238 ;    ;    ; 11.238 ;
; dataA[8]   ; out[9]      ; 12.616 ;    ;    ; 12.616 ;
; dataA[8]   ; out[10]     ; 13.384 ;    ;    ; 13.384 ;
; dataA[8]   ; out[11]     ; 14.585 ;    ;    ; 14.585 ;
; dataA[8]   ; out[12]     ; 15.695 ;    ;    ; 15.695 ;
; dataA[8]   ; out[13]     ; 19.780 ;    ;    ; 19.780 ;
; dataA[8]   ; out[14]     ; 20.069 ;    ;    ; 20.069 ;
; dataA[8]   ; out[15]     ; 21.400 ;    ;    ; 21.400 ;
; dataA[9]   ; out[9]      ; 11.169 ;    ;    ; 11.169 ;
; dataA[9]   ; out[10]     ; 13.380 ;    ;    ; 13.380 ;
; dataA[9]   ; out[11]     ; 14.581 ;    ;    ; 14.581 ;
; dataA[9]   ; out[12]     ; 15.691 ;    ;    ; 15.691 ;
; dataA[9]   ; out[13]     ; 19.776 ;    ;    ; 19.776 ;
; dataA[9]   ; out[14]     ; 20.065 ;    ;    ; 20.065 ;
; dataA[9]   ; out[15]     ; 21.396 ;    ;    ; 21.396 ;
; dataA[10]  ; out[10]     ; 12.015 ;    ;    ; 12.015 ;
; dataA[10]  ; out[11]     ; 14.525 ;    ;    ; 14.525 ;
; dataA[10]  ; out[12]     ; 15.635 ;    ;    ; 15.635 ;
; dataA[10]  ; out[13]     ; 19.720 ;    ;    ; 19.720 ;
; dataA[10]  ; out[14]     ; 20.009 ;    ;    ; 20.009 ;
; dataA[10]  ; out[15]     ; 21.340 ;    ;    ; 21.340 ;
; dataA[11]  ; out[11]     ; 12.271 ;    ;    ; 12.271 ;
; dataA[11]  ; out[12]     ; 14.118 ;    ;    ; 14.118 ;
; dataA[11]  ; out[13]     ; 18.203 ;    ;    ; 18.203 ;
; dataA[11]  ; out[14]     ; 18.492 ;    ;    ; 18.492 ;
; dataA[11]  ; out[15]     ; 19.823 ;    ;    ; 19.823 ;
; dataA[12]  ; out[12]     ; 11.643 ;    ;    ; 11.643 ;
; dataA[12]  ; out[13]     ; 16.121 ;    ;    ; 16.121 ;
; dataA[12]  ; out[14]     ; 16.410 ;    ;    ; 16.410 ;
; dataA[12]  ; out[15]     ; 17.741 ;    ;    ; 17.741 ;
; dataA[13]  ; out[13]     ; 12.281 ;    ;    ; 12.281 ;
; dataA[13]  ; out[14]     ; 12.575 ;    ;    ; 12.575 ;
; dataA[13]  ; out[15]     ; 13.906 ;    ;    ; 13.906 ;
; dataA[14]  ; out[14]     ; 11.942 ;    ;    ; 11.942 ;
; dataA[14]  ; out[15]     ; 13.036 ;    ;    ; 13.036 ;
; dataA[15]  ; out[15]     ; 11.668 ;    ;    ; 11.668 ;
; dataB[0]   ; out[0]      ; 8.880  ;    ;    ; 8.880  ;
; dataB[0]   ; out[1]      ; 10.185 ;    ;    ; 10.185 ;
; dataB[0]   ; out[2]      ; 13.273 ;    ;    ; 13.273 ;
; dataB[0]   ; out[3]      ; 14.240 ;    ;    ; 14.240 ;
; dataB[0]   ; out[4]      ; 16.265 ;    ;    ; 16.265 ;
; dataB[0]   ; out[5]      ; 18.475 ;    ;    ; 18.475 ;
; dataB[0]   ; out[6]      ; 19.773 ;    ;    ; 19.773 ;
; dataB[0]   ; out[7]      ; 20.167 ;    ;    ; 20.167 ;
; dataB[0]   ; out[8]      ; 22.856 ;    ;    ; 22.856 ;
; dataB[0]   ; out[9]      ; 23.673 ;    ;    ; 23.673 ;
; dataB[0]   ; out[10]     ; 24.441 ;    ;    ; 24.441 ;
; dataB[0]   ; out[11]     ; 25.642 ;    ;    ; 25.642 ;
; dataB[0]   ; out[12]     ; 26.752 ;    ;    ; 26.752 ;
; dataB[0]   ; out[13]     ; 30.837 ;    ;    ; 30.837 ;
; dataB[0]   ; out[14]     ; 31.126 ;    ;    ; 31.126 ;
; dataB[0]   ; out[15]     ; 32.457 ;    ;    ; 32.457 ;
; dataB[1]   ; out[1]      ; 10.811 ;    ;    ; 10.811 ;
; dataB[1]   ; out[2]      ; 14.360 ;    ;    ; 14.360 ;
; dataB[1]   ; out[3]      ; 15.327 ;    ;    ; 15.327 ;
; dataB[1]   ; out[4]      ; 17.352 ;    ;    ; 17.352 ;
; dataB[1]   ; out[5]      ; 19.562 ;    ;    ; 19.562 ;
; dataB[1]   ; out[6]      ; 20.860 ;    ;    ; 20.860 ;
; dataB[1]   ; out[7]      ; 21.254 ;    ;    ; 21.254 ;
; dataB[1]   ; out[8]      ; 23.943 ;    ;    ; 23.943 ;
; dataB[1]   ; out[9]      ; 24.760 ;    ;    ; 24.760 ;
; dataB[1]   ; out[10]     ; 25.528 ;    ;    ; 25.528 ;
; dataB[1]   ; out[11]     ; 26.729 ;    ;    ; 26.729 ;
; dataB[1]   ; out[12]     ; 27.839 ;    ;    ; 27.839 ;
; dataB[1]   ; out[13]     ; 31.924 ;    ;    ; 31.924 ;
; dataB[1]   ; out[14]     ; 32.213 ;    ;    ; 32.213 ;
; dataB[1]   ; out[15]     ; 33.544 ;    ;    ; 33.544 ;
; dataB[2]   ; out[2]      ; 11.925 ;    ;    ; 11.925 ;
; dataB[2]   ; out[3]      ; 13.417 ;    ;    ; 13.417 ;
; dataB[2]   ; out[4]      ; 15.442 ;    ;    ; 15.442 ;
; dataB[2]   ; out[5]      ; 17.652 ;    ;    ; 17.652 ;
; dataB[2]   ; out[6]      ; 18.950 ;    ;    ; 18.950 ;
; dataB[2]   ; out[7]      ; 19.344 ;    ;    ; 19.344 ;
; dataB[2]   ; out[8]      ; 22.033 ;    ;    ; 22.033 ;
; dataB[2]   ; out[9]      ; 22.850 ;    ;    ; 22.850 ;
; dataB[2]   ; out[10]     ; 23.618 ;    ;    ; 23.618 ;
; dataB[2]   ; out[11]     ; 24.819 ;    ;    ; 24.819 ;
; dataB[2]   ; out[12]     ; 25.929 ;    ;    ; 25.929 ;
; dataB[2]   ; out[13]     ; 30.014 ;    ;    ; 30.014 ;
; dataB[2]   ; out[14]     ; 30.303 ;    ;    ; 30.303 ;
; dataB[2]   ; out[15]     ; 31.634 ;    ;    ; 31.634 ;
; dataB[3]   ; out[3]      ; 11.895 ;    ;    ; 11.895 ;
; dataB[3]   ; out[4]      ; 14.106 ;    ;    ; 14.106 ;
; dataB[3]   ; out[5]      ; 16.316 ;    ;    ; 16.316 ;
; dataB[3]   ; out[6]      ; 17.614 ;    ;    ; 17.614 ;
; dataB[3]   ; out[7]      ; 18.008 ;    ;    ; 18.008 ;
; dataB[3]   ; out[8]      ; 20.697 ;    ;    ; 20.697 ;
; dataB[3]   ; out[9]      ; 21.514 ;    ;    ; 21.514 ;
; dataB[3]   ; out[10]     ; 22.282 ;    ;    ; 22.282 ;
; dataB[3]   ; out[11]     ; 23.483 ;    ;    ; 23.483 ;
; dataB[3]   ; out[12]     ; 24.593 ;    ;    ; 24.593 ;
; dataB[3]   ; out[13]     ; 28.678 ;    ;    ; 28.678 ;
; dataB[3]   ; out[14]     ; 28.967 ;    ;    ; 28.967 ;
; dataB[3]   ; out[15]     ; 30.298 ;    ;    ; 30.298 ;
; dataB[4]   ; out[4]      ; 13.154 ;    ;    ; 13.154 ;
; dataB[4]   ; out[5]      ; 16.025 ;    ;    ; 16.025 ;
; dataB[4]   ; out[6]      ; 17.323 ;    ;    ; 17.323 ;
; dataB[4]   ; out[7]      ; 17.717 ;    ;    ; 17.717 ;
; dataB[4]   ; out[8]      ; 20.406 ;    ;    ; 20.406 ;
; dataB[4]   ; out[9]      ; 21.223 ;    ;    ; 21.223 ;
; dataB[4]   ; out[10]     ; 21.991 ;    ;    ; 21.991 ;
; dataB[4]   ; out[11]     ; 23.192 ;    ;    ; 23.192 ;
; dataB[4]   ; out[12]     ; 24.302 ;    ;    ; 24.302 ;
; dataB[4]   ; out[13]     ; 28.387 ;    ;    ; 28.387 ;
; dataB[4]   ; out[14]     ; 28.676 ;    ;    ; 28.676 ;
; dataB[4]   ; out[15]     ; 30.007 ;    ;    ; 30.007 ;
; dataB[5]   ; out[5]      ; 11.918 ;    ;    ; 11.918 ;
; dataB[5]   ; out[6]      ; 13.475 ;    ;    ; 13.475 ;
; dataB[5]   ; out[7]      ; 13.869 ;    ;    ; 13.869 ;
; dataB[5]   ; out[8]      ; 16.558 ;    ;    ; 16.558 ;
; dataB[5]   ; out[9]      ; 17.375 ;    ;    ; 17.375 ;
; dataB[5]   ; out[10]     ; 18.143 ;    ;    ; 18.143 ;
; dataB[5]   ; out[11]     ; 19.344 ;    ;    ; 19.344 ;
; dataB[5]   ; out[12]     ; 20.454 ;    ;    ; 20.454 ;
; dataB[5]   ; out[13]     ; 24.539 ;    ;    ; 24.539 ;
; dataB[5]   ; out[14]     ; 24.828 ;    ;    ; 24.828 ;
; dataB[5]   ; out[15]     ; 26.159 ;    ;    ; 26.159 ;
; dataB[6]   ; out[6]      ; 10.945 ;    ;    ; 10.945 ;
; dataB[6]   ; out[7]      ; 12.585 ;    ;    ; 12.585 ;
; dataB[6]   ; out[8]      ; 15.274 ;    ;    ; 15.274 ;
; dataB[6]   ; out[9]      ; 16.091 ;    ;    ; 16.091 ;
; dataB[6]   ; out[10]     ; 16.859 ;    ;    ; 16.859 ;
; dataB[6]   ; out[11]     ; 18.060 ;    ;    ; 18.060 ;
; dataB[6]   ; out[12]     ; 19.170 ;    ;    ; 19.170 ;
; dataB[6]   ; out[13]     ; 23.255 ;    ;    ; 23.255 ;
; dataB[6]   ; out[14]     ; 23.544 ;    ;    ; 23.544 ;
; dataB[6]   ; out[15]     ; 24.875 ;    ;    ; 24.875 ;
; dataB[7]   ; out[7]      ; 10.556 ;    ;    ; 10.556 ;
; dataB[7]   ; out[8]      ; 13.987 ;    ;    ; 13.987 ;
; dataB[7]   ; out[9]      ; 14.804 ;    ;    ; 14.804 ;
; dataB[7]   ; out[10]     ; 15.572 ;    ;    ; 15.572 ;
; dataB[7]   ; out[11]     ; 16.773 ;    ;    ; 16.773 ;
; dataB[7]   ; out[12]     ; 17.883 ;    ;    ; 17.883 ;
; dataB[7]   ; out[13]     ; 21.968 ;    ;    ; 21.968 ;
; dataB[7]   ; out[14]     ; 22.257 ;    ;    ; 22.257 ;
; dataB[7]   ; out[15]     ; 23.588 ;    ;    ; 23.588 ;
; dataB[8]   ; out[8]      ; 11.711 ;    ;    ; 11.711 ;
; dataB[8]   ; out[9]      ; 13.085 ;    ;    ; 13.085 ;
; dataB[8]   ; out[10]     ; 13.853 ;    ;    ; 13.853 ;
; dataB[8]   ; out[11]     ; 15.054 ;    ;    ; 15.054 ;
; dataB[8]   ; out[12]     ; 16.164 ;    ;    ; 16.164 ;
; dataB[8]   ; out[13]     ; 20.249 ;    ;    ; 20.249 ;
; dataB[8]   ; out[14]     ; 20.538 ;    ;    ; 20.538 ;
; dataB[8]   ; out[15]     ; 21.869 ;    ;    ; 21.869 ;
; dataB[9]   ; out[9]      ; 10.952 ;    ;    ; 10.952 ;
; dataB[9]   ; out[10]     ; 12.838 ;    ;    ; 12.838 ;
; dataB[9]   ; out[11]     ; 14.039 ;    ;    ; 14.039 ;
; dataB[9]   ; out[12]     ; 15.149 ;    ;    ; 15.149 ;
; dataB[9]   ; out[13]     ; 19.234 ;    ;    ; 19.234 ;
; dataB[9]   ; out[14]     ; 19.523 ;    ;    ; 19.523 ;
; dataB[9]   ; out[15]     ; 20.854 ;    ;    ; 20.854 ;
; dataB[10]  ; out[10]     ; 10.849 ;    ;    ; 10.849 ;
; dataB[10]  ; out[11]     ; 13.079 ;    ;    ; 13.079 ;
; dataB[10]  ; out[12]     ; 14.189 ;    ;    ; 14.189 ;
; dataB[10]  ; out[13]     ; 18.274 ;    ;    ; 18.274 ;
; dataB[10]  ; out[14]     ; 18.563 ;    ;    ; 18.563 ;
; dataB[10]  ; out[15]     ; 19.894 ;    ;    ; 19.894 ;
; dataB[11]  ; out[11]     ; 10.845 ;    ;    ; 10.845 ;
; dataB[11]  ; out[12]     ; 13.008 ;    ;    ; 13.008 ;
; dataB[11]  ; out[13]     ; 17.093 ;    ;    ; 17.093 ;
; dataB[11]  ; out[14]     ; 17.382 ;    ;    ; 17.382 ;
; dataB[11]  ; out[15]     ; 18.713 ;    ;    ; 18.713 ;
; dataB[12]  ; out[12]     ; 11.305 ;    ;    ; 11.305 ;
; dataB[12]  ; out[13]     ; 16.586 ;    ;    ; 16.586 ;
; dataB[12]  ; out[14]     ; 16.875 ;    ;    ; 16.875 ;
; dataB[12]  ; out[15]     ; 18.206 ;    ;    ; 18.206 ;
; dataB[13]  ; out[13]     ; 13.391 ;    ;    ; 13.391 ;
; dataB[13]  ; out[14]     ; 13.681 ;    ;    ; 13.681 ;
; dataB[13]  ; out[15]     ; 15.012 ;    ;    ; 15.012 ;
; dataB[14]  ; out[14]     ; 11.704 ;    ;    ; 11.704 ;
; dataB[14]  ; out[15]     ; 12.796 ;    ;    ; 12.796 ;
; dataB[15]  ; out[15]     ; 11.508 ;    ;    ; 11.508 ;
; opcode[0]  ; out[0]      ; 11.614 ;    ;    ; 11.614 ;
; opcode[0]  ; out[1]      ; 13.472 ;    ;    ; 13.472 ;
; opcode[0]  ; out[2]      ; 16.560 ;    ;    ; 16.560 ;
; opcode[0]  ; out[3]      ; 17.527 ;    ;    ; 17.527 ;
; opcode[0]  ; out[4]      ; 19.552 ;    ;    ; 19.552 ;
; opcode[0]  ; out[5]      ; 21.762 ;    ;    ; 21.762 ;
; opcode[0]  ; out[6]      ; 23.060 ;    ;    ; 23.060 ;
; opcode[0]  ; out[7]      ; 23.454 ;    ;    ; 23.454 ;
; opcode[0]  ; out[8]      ; 26.143 ;    ;    ; 26.143 ;
; opcode[0]  ; out[9]      ; 26.960 ;    ;    ; 26.960 ;
; opcode[0]  ; out[10]     ; 27.728 ;    ;    ; 27.728 ;
; opcode[0]  ; out[11]     ; 28.929 ;    ;    ; 28.929 ;
; opcode[0]  ; out[12]     ; 30.039 ;    ;    ; 30.039 ;
; opcode[0]  ; out[13]     ; 34.124 ;    ;    ; 34.124 ;
; opcode[0]  ; out[14]     ; 34.413 ;    ;    ; 34.413 ;
; opcode[0]  ; out[15]     ; 35.744 ;    ;    ; 35.744 ;
; opcode[1]  ; out[0]      ; 15.985 ;    ;    ; 15.985 ;
; opcode[1]  ; out[1]      ; 15.692 ;    ;    ; 15.692 ;
; opcode[1]  ; out[2]      ; 15.120 ;    ;    ; 15.120 ;
; opcode[1]  ; out[3]      ; 15.451 ;    ;    ; 15.451 ;
; opcode[1]  ; out[4]      ; 16.359 ;    ;    ; 16.359 ;
; opcode[1]  ; out[5]      ; 12.477 ;    ;    ; 12.477 ;
; opcode[1]  ; out[6]      ; 12.511 ;    ;    ; 12.511 ;
; opcode[1]  ; out[7]      ; 12.053 ;    ;    ; 12.053 ;
; opcode[1]  ; out[8]      ; 14.249 ;    ;    ; 14.249 ;
; opcode[1]  ; out[9]      ; 13.367 ;    ;    ; 13.367 ;
; opcode[1]  ; out[10]     ; 13.372 ;    ;    ; 13.372 ;
; opcode[1]  ; out[11]     ; 13.415 ;    ;    ; 13.415 ;
; opcode[1]  ; out[12]     ; 13.585 ;    ;    ; 13.585 ;
; opcode[1]  ; out[13]     ; 17.424 ;    ;    ; 17.424 ;
; opcode[1]  ; out[14]     ; 17.421 ;    ;    ; 17.421 ;
; opcode[1]  ; out[15]     ; 16.387 ;    ;    ; 16.387 ;
; opcode[2]  ; out[0]      ; 16.326 ;    ;    ; 16.326 ;
; opcode[2]  ; out[1]      ; 17.598 ;    ;    ; 17.598 ;
; opcode[2]  ; out[2]      ; 17.026 ;    ;    ; 17.026 ;
; opcode[2]  ; out[3]      ; 17.357 ;    ;    ; 17.357 ;
; opcode[2]  ; out[4]      ; 18.265 ;    ;    ; 18.265 ;
; opcode[2]  ; out[5]      ; 14.383 ;    ;    ; 14.383 ;
; opcode[2]  ; out[6]      ; 14.417 ;    ;    ; 14.417 ;
; opcode[2]  ; out[7]      ; 13.959 ;    ;    ; 13.959 ;
; opcode[2]  ; out[8]      ; 16.155 ;    ;    ; 16.155 ;
; opcode[2]  ; out[9]      ; 15.273 ;    ;    ; 15.273 ;
; opcode[2]  ; out[10]     ; 15.278 ;    ;    ; 15.278 ;
; opcode[2]  ; out[11]     ; 15.321 ;    ;    ; 15.321 ;
; opcode[2]  ; out[12]     ; 15.491 ;    ;    ; 15.491 ;
; opcode[2]  ; out[13]     ; 17.765 ;    ;    ; 17.765 ;
; opcode[2]  ; out[14]     ; 17.762 ;    ;    ; 17.762 ;
; opcode[2]  ; out[15]     ; 16.728 ;    ;    ; 16.728 ;
+------------+-------------+--------+----+----+--------+


+------------------------------------------------------+
; Minimum Propagation Delay                            ;
+------------+-------------+--------+----+----+--------+
; Input Port ; Output Port ; RR     ; RF ; FR ; FF     ;
+------------+-------------+--------+----+----+--------+
; dataA[0]   ; out[0]      ; 8.554  ;    ;    ; 8.554  ;
; dataA[0]   ; out[1]      ; 10.641 ;    ;    ; 10.641 ;
; dataA[0]   ; out[2]      ; 13.729 ;    ;    ; 13.729 ;
; dataA[0]   ; out[3]      ; 14.696 ;    ;    ; 14.696 ;
; dataA[0]   ; out[4]      ; 16.721 ;    ;    ; 16.721 ;
; dataA[0]   ; out[5]      ; 18.931 ;    ;    ; 18.931 ;
; dataA[0]   ; out[6]      ; 20.229 ;    ;    ; 20.229 ;
; dataA[0]   ; out[7]      ; 20.623 ;    ;    ; 20.623 ;
; dataA[0]   ; out[8]      ; 23.312 ;    ;    ; 23.312 ;
; dataA[0]   ; out[9]      ; 24.129 ;    ;    ; 24.129 ;
; dataA[0]   ; out[10]     ; 24.897 ;    ;    ; 24.897 ;
; dataA[0]   ; out[11]     ; 26.098 ;    ;    ; 26.098 ;
; dataA[0]   ; out[12]     ; 27.208 ;    ;    ; 27.208 ;
; dataA[0]   ; out[13]     ; 31.293 ;    ;    ; 31.293 ;
; dataA[0]   ; out[14]     ; 31.582 ;    ;    ; 31.582 ;
; dataA[0]   ; out[15]     ; 32.913 ;    ;    ; 32.913 ;
; dataA[1]   ; out[1]      ; 10.640 ;    ;    ; 10.640 ;
; dataA[1]   ; out[2]      ; 14.643 ;    ;    ; 14.643 ;
; dataA[1]   ; out[3]      ; 15.610 ;    ;    ; 15.610 ;
; dataA[1]   ; out[4]      ; 17.635 ;    ;    ; 17.635 ;
; dataA[1]   ; out[5]      ; 19.845 ;    ;    ; 19.845 ;
; dataA[1]   ; out[6]      ; 21.143 ;    ;    ; 21.143 ;
; dataA[1]   ; out[7]      ; 21.537 ;    ;    ; 21.537 ;
; dataA[1]   ; out[8]      ; 24.226 ;    ;    ; 24.226 ;
; dataA[1]   ; out[9]      ; 25.043 ;    ;    ; 25.043 ;
; dataA[1]   ; out[10]     ; 25.811 ;    ;    ; 25.811 ;
; dataA[1]   ; out[11]     ; 27.012 ;    ;    ; 27.012 ;
; dataA[1]   ; out[12]     ; 28.122 ;    ;    ; 28.122 ;
; dataA[1]   ; out[13]     ; 32.207 ;    ;    ; 32.207 ;
; dataA[1]   ; out[14]     ; 32.496 ;    ;    ; 32.496 ;
; dataA[1]   ; out[15]     ; 33.827 ;    ;    ; 33.827 ;
; dataA[2]   ; out[2]      ; 11.652 ;    ;    ; 11.652 ;
; dataA[2]   ; out[3]      ; 12.849 ;    ;    ; 12.849 ;
; dataA[2]   ; out[4]      ; 14.874 ;    ;    ; 14.874 ;
; dataA[2]   ; out[5]      ; 17.084 ;    ;    ; 17.084 ;
; dataA[2]   ; out[6]      ; 18.382 ;    ;    ; 18.382 ;
; dataA[2]   ; out[7]      ; 18.776 ;    ;    ; 18.776 ;
; dataA[2]   ; out[8]      ; 21.465 ;    ;    ; 21.465 ;
; dataA[2]   ; out[9]      ; 22.282 ;    ;    ; 22.282 ;
; dataA[2]   ; out[10]     ; 23.050 ;    ;    ; 23.050 ;
; dataA[2]   ; out[11]     ; 24.251 ;    ;    ; 24.251 ;
; dataA[2]   ; out[12]     ; 25.361 ;    ;    ; 25.361 ;
; dataA[2]   ; out[13]     ; 29.446 ;    ;    ; 29.446 ;
; dataA[2]   ; out[14]     ; 29.735 ;    ;    ; 29.735 ;
; dataA[2]   ; out[15]     ; 31.066 ;    ;    ; 31.066 ;
; dataA[3]   ; out[3]      ; 12.671 ;    ;    ; 12.671 ;
; dataA[3]   ; out[4]      ; 14.995 ;    ;    ; 14.995 ;
; dataA[3]   ; out[5]      ; 17.205 ;    ;    ; 17.205 ;
; dataA[3]   ; out[6]      ; 18.503 ;    ;    ; 18.503 ;
; dataA[3]   ; out[7]      ; 18.897 ;    ;    ; 18.897 ;
; dataA[3]   ; out[8]      ; 21.586 ;    ;    ; 21.586 ;
; dataA[3]   ; out[9]      ; 22.403 ;    ;    ; 22.403 ;
; dataA[3]   ; out[10]     ; 23.171 ;    ;    ; 23.171 ;
; dataA[3]   ; out[11]     ; 24.372 ;    ;    ; 24.372 ;
; dataA[3]   ; out[12]     ; 25.482 ;    ;    ; 25.482 ;
; dataA[3]   ; out[13]     ; 29.567 ;    ;    ; 29.567 ;
; dataA[3]   ; out[14]     ; 29.856 ;    ;    ; 29.856 ;
; dataA[3]   ; out[15]     ; 31.187 ;    ;    ; 31.187 ;
; dataA[4]   ; out[4]      ; 13.019 ;    ;    ; 13.019 ;
; dataA[4]   ; out[5]      ; 15.889 ;    ;    ; 15.889 ;
; dataA[4]   ; out[6]      ; 17.187 ;    ;    ; 17.187 ;
; dataA[4]   ; out[7]      ; 17.581 ;    ;    ; 17.581 ;
; dataA[4]   ; out[8]      ; 20.270 ;    ;    ; 20.270 ;
; dataA[4]   ; out[9]      ; 21.087 ;    ;    ; 21.087 ;
; dataA[4]   ; out[10]     ; 21.855 ;    ;    ; 21.855 ;
; dataA[4]   ; out[11]     ; 23.056 ;    ;    ; 23.056 ;
; dataA[4]   ; out[12]     ; 24.166 ;    ;    ; 24.166 ;
; dataA[4]   ; out[13]     ; 28.251 ;    ;    ; 28.251 ;
; dataA[4]   ; out[14]     ; 28.540 ;    ;    ; 28.540 ;
; dataA[4]   ; out[15]     ; 29.871 ;    ;    ; 29.871 ;
; dataA[5]   ; out[5]      ; 11.123 ;    ;    ; 11.123 ;
; dataA[5]   ; out[6]      ; 12.680 ;    ;    ; 12.680 ;
; dataA[5]   ; out[7]      ; 13.074 ;    ;    ; 13.074 ;
; dataA[5]   ; out[8]      ; 15.763 ;    ;    ; 15.763 ;
; dataA[5]   ; out[9]      ; 16.580 ;    ;    ; 16.580 ;
; dataA[5]   ; out[10]     ; 17.348 ;    ;    ; 17.348 ;
; dataA[5]   ; out[11]     ; 18.549 ;    ;    ; 18.549 ;
; dataA[5]   ; out[12]     ; 19.659 ;    ;    ; 19.659 ;
; dataA[5]   ; out[13]     ; 23.744 ;    ;    ; 23.744 ;
; dataA[5]   ; out[14]     ; 24.033 ;    ;    ; 24.033 ;
; dataA[5]   ; out[15]     ; 25.364 ;    ;    ; 25.364 ;
; dataA[6]   ; out[6]      ; 10.819 ;    ;    ; 10.819 ;
; dataA[6]   ; out[7]      ; 11.972 ;    ;    ; 11.972 ;
; dataA[6]   ; out[8]      ; 14.661 ;    ;    ; 14.661 ;
; dataA[6]   ; out[9]      ; 15.478 ;    ;    ; 15.478 ;
; dataA[6]   ; out[10]     ; 16.246 ;    ;    ; 16.246 ;
; dataA[6]   ; out[11]     ; 17.447 ;    ;    ; 17.447 ;
; dataA[6]   ; out[12]     ; 18.557 ;    ;    ; 18.557 ;
; dataA[6]   ; out[13]     ; 22.642 ;    ;    ; 22.642 ;
; dataA[6]   ; out[14]     ; 22.931 ;    ;    ; 22.931 ;
; dataA[6]   ; out[15]     ; 24.262 ;    ;    ; 24.262 ;
; dataA[7]   ; out[7]      ; 11.102 ;    ;    ; 11.102 ;
; dataA[7]   ; out[8]      ; 14.531 ;    ;    ; 14.531 ;
; dataA[7]   ; out[9]      ; 15.348 ;    ;    ; 15.348 ;
; dataA[7]   ; out[10]     ; 16.116 ;    ;    ; 16.116 ;
; dataA[7]   ; out[11]     ; 17.317 ;    ;    ; 17.317 ;
; dataA[7]   ; out[12]     ; 18.427 ;    ;    ; 18.427 ;
; dataA[7]   ; out[13]     ; 22.512 ;    ;    ; 22.512 ;
; dataA[7]   ; out[14]     ; 22.801 ;    ;    ; 22.801 ;
; dataA[7]   ; out[15]     ; 24.132 ;    ;    ; 24.132 ;
; dataA[8]   ; out[8]      ; 11.238 ;    ;    ; 11.238 ;
; dataA[8]   ; out[9]      ; 12.616 ;    ;    ; 12.616 ;
; dataA[8]   ; out[10]     ; 13.384 ;    ;    ; 13.384 ;
; dataA[8]   ; out[11]     ; 14.585 ;    ;    ; 14.585 ;
; dataA[8]   ; out[12]     ; 15.695 ;    ;    ; 15.695 ;
; dataA[8]   ; out[13]     ; 19.780 ;    ;    ; 19.780 ;
; dataA[8]   ; out[14]     ; 20.069 ;    ;    ; 20.069 ;
; dataA[8]   ; out[15]     ; 21.400 ;    ;    ; 21.400 ;
; dataA[9]   ; out[9]      ; 11.169 ;    ;    ; 11.169 ;
; dataA[9]   ; out[10]     ; 13.380 ;    ;    ; 13.380 ;
; dataA[9]   ; out[11]     ; 14.581 ;    ;    ; 14.581 ;
; dataA[9]   ; out[12]     ; 15.691 ;    ;    ; 15.691 ;
; dataA[9]   ; out[13]     ; 19.776 ;    ;    ; 19.776 ;
; dataA[9]   ; out[14]     ; 20.065 ;    ;    ; 20.065 ;
; dataA[9]   ; out[15]     ; 21.396 ;    ;    ; 21.396 ;
; dataA[10]  ; out[10]     ; 12.015 ;    ;    ; 12.015 ;
; dataA[10]  ; out[11]     ; 14.525 ;    ;    ; 14.525 ;
; dataA[10]  ; out[12]     ; 15.635 ;    ;    ; 15.635 ;
; dataA[10]  ; out[13]     ; 19.720 ;    ;    ; 19.720 ;
; dataA[10]  ; out[14]     ; 20.009 ;    ;    ; 20.009 ;
; dataA[10]  ; out[15]     ; 21.340 ;    ;    ; 21.340 ;
; dataA[11]  ; out[11]     ; 12.271 ;    ;    ; 12.271 ;
; dataA[11]  ; out[12]     ; 14.118 ;    ;    ; 14.118 ;
; dataA[11]  ; out[13]     ; 18.203 ;    ;    ; 18.203 ;
; dataA[11]  ; out[14]     ; 18.492 ;    ;    ; 18.492 ;
; dataA[11]  ; out[15]     ; 19.823 ;    ;    ; 19.823 ;
; dataA[12]  ; out[12]     ; 11.643 ;    ;    ; 11.643 ;
; dataA[12]  ; out[13]     ; 16.121 ;    ;    ; 16.121 ;
; dataA[12]  ; out[14]     ; 16.410 ;    ;    ; 16.410 ;
; dataA[12]  ; out[15]     ; 17.741 ;    ;    ; 17.741 ;
; dataA[13]  ; out[13]     ; 11.668 ;    ;    ; 11.668 ;
; dataA[13]  ; out[14]     ; 12.575 ;    ;    ; 12.575 ;
; dataA[13]  ; out[15]     ; 13.906 ;    ;    ; 13.906 ;
; dataA[14]  ; out[14]     ; 11.763 ;    ;    ; 11.763 ;
; dataA[14]  ; out[15]     ; 13.036 ;    ;    ; 13.036 ;
; dataA[15]  ; out[15]     ; 11.380 ;    ;    ; 11.380 ;
; dataB[0]   ; out[0]      ; 8.880  ;    ;    ; 8.880  ;
; dataB[0]   ; out[1]      ; 10.185 ;    ;    ; 10.185 ;
; dataB[0]   ; out[2]      ; 13.273 ;    ;    ; 13.273 ;
; dataB[0]   ; out[3]      ; 14.240 ;    ;    ; 14.240 ;
; dataB[0]   ; out[4]      ; 16.265 ;    ;    ; 16.265 ;
; dataB[0]   ; out[5]      ; 18.475 ;    ;    ; 18.475 ;
; dataB[0]   ; out[6]      ; 19.773 ;    ;    ; 19.773 ;
; dataB[0]   ; out[7]      ; 20.167 ;    ;    ; 20.167 ;
; dataB[0]   ; out[8]      ; 22.856 ;    ;    ; 22.856 ;
; dataB[0]   ; out[9]      ; 23.673 ;    ;    ; 23.673 ;
; dataB[0]   ; out[10]     ; 24.441 ;    ;    ; 24.441 ;
; dataB[0]   ; out[11]     ; 25.642 ;    ;    ; 25.642 ;
; dataB[0]   ; out[12]     ; 26.752 ;    ;    ; 26.752 ;
; dataB[0]   ; out[13]     ; 30.837 ;    ;    ; 30.837 ;
; dataB[0]   ; out[14]     ; 31.126 ;    ;    ; 31.126 ;
; dataB[0]   ; out[15]     ; 32.457 ;    ;    ; 32.457 ;
; dataB[1]   ; out[1]      ; 10.811 ;    ;    ; 10.811 ;
; dataB[1]   ; out[2]      ; 14.360 ;    ;    ; 14.360 ;
; dataB[1]   ; out[3]      ; 15.327 ;    ;    ; 15.327 ;
; dataB[1]   ; out[4]      ; 17.352 ;    ;    ; 17.352 ;
; dataB[1]   ; out[5]      ; 19.562 ;    ;    ; 19.562 ;
; dataB[1]   ; out[6]      ; 20.860 ;    ;    ; 20.860 ;
; dataB[1]   ; out[7]      ; 21.254 ;    ;    ; 21.254 ;
; dataB[1]   ; out[8]      ; 23.943 ;    ;    ; 23.943 ;
; dataB[1]   ; out[9]      ; 24.760 ;    ;    ; 24.760 ;
; dataB[1]   ; out[10]     ; 25.528 ;    ;    ; 25.528 ;
; dataB[1]   ; out[11]     ; 26.729 ;    ;    ; 26.729 ;
; dataB[1]   ; out[12]     ; 27.839 ;    ;    ; 27.839 ;
; dataB[1]   ; out[13]     ; 31.924 ;    ;    ; 31.924 ;
; dataB[1]   ; out[14]     ; 32.213 ;    ;    ; 32.213 ;
; dataB[1]   ; out[15]     ; 33.544 ;    ;    ; 33.544 ;
; dataB[2]   ; out[2]      ; 11.925 ;    ;    ; 11.925 ;
; dataB[2]   ; out[3]      ; 13.417 ;    ;    ; 13.417 ;
; dataB[2]   ; out[4]      ; 15.442 ;    ;    ; 15.442 ;
; dataB[2]   ; out[5]      ; 17.652 ;    ;    ; 17.652 ;
; dataB[2]   ; out[6]      ; 18.950 ;    ;    ; 18.950 ;
; dataB[2]   ; out[7]      ; 19.344 ;    ;    ; 19.344 ;
; dataB[2]   ; out[8]      ; 22.033 ;    ;    ; 22.033 ;
; dataB[2]   ; out[9]      ; 22.850 ;    ;    ; 22.850 ;
; dataB[2]   ; out[10]     ; 23.618 ;    ;    ; 23.618 ;
; dataB[2]   ; out[11]     ; 24.819 ;    ;    ; 24.819 ;
; dataB[2]   ; out[12]     ; 25.929 ;    ;    ; 25.929 ;
; dataB[2]   ; out[13]     ; 30.014 ;    ;    ; 30.014 ;
; dataB[2]   ; out[14]     ; 30.303 ;    ;    ; 30.303 ;
; dataB[2]   ; out[15]     ; 31.634 ;    ;    ; 31.634 ;
; dataB[3]   ; out[3]      ; 11.895 ;    ;    ; 11.895 ;
; dataB[3]   ; out[4]      ; 14.106 ;    ;    ; 14.106 ;
; dataB[3]   ; out[5]      ; 16.316 ;    ;    ; 16.316 ;
; dataB[3]   ; out[6]      ; 17.614 ;    ;    ; 17.614 ;
; dataB[3]   ; out[7]      ; 18.008 ;    ;    ; 18.008 ;
; dataB[3]   ; out[8]      ; 20.697 ;    ;    ; 20.697 ;
; dataB[3]   ; out[9]      ; 21.514 ;    ;    ; 21.514 ;
; dataB[3]   ; out[10]     ; 22.282 ;    ;    ; 22.282 ;
; dataB[3]   ; out[11]     ; 23.483 ;    ;    ; 23.483 ;
; dataB[3]   ; out[12]     ; 24.593 ;    ;    ; 24.593 ;
; dataB[3]   ; out[13]     ; 28.678 ;    ;    ; 28.678 ;
; dataB[3]   ; out[14]     ; 28.967 ;    ;    ; 28.967 ;
; dataB[3]   ; out[15]     ; 30.298 ;    ;    ; 30.298 ;
; dataB[4]   ; out[4]      ; 13.154 ;    ;    ; 13.154 ;
; dataB[4]   ; out[5]      ; 16.025 ;    ;    ; 16.025 ;
; dataB[4]   ; out[6]      ; 17.323 ;    ;    ; 17.323 ;
; dataB[4]   ; out[7]      ; 17.717 ;    ;    ; 17.717 ;
; dataB[4]   ; out[8]      ; 20.406 ;    ;    ; 20.406 ;
; dataB[4]   ; out[9]      ; 21.223 ;    ;    ; 21.223 ;
; dataB[4]   ; out[10]     ; 21.991 ;    ;    ; 21.991 ;
; dataB[4]   ; out[11]     ; 23.192 ;    ;    ; 23.192 ;
; dataB[4]   ; out[12]     ; 24.302 ;    ;    ; 24.302 ;
; dataB[4]   ; out[13]     ; 28.387 ;    ;    ; 28.387 ;
; dataB[4]   ; out[14]     ; 28.676 ;    ;    ; 28.676 ;
; dataB[4]   ; out[15]     ; 30.007 ;    ;    ; 30.007 ;
; dataB[5]   ; out[5]      ; 11.918 ;    ;    ; 11.918 ;
; dataB[5]   ; out[6]      ; 13.475 ;    ;    ; 13.475 ;
; dataB[5]   ; out[7]      ; 13.869 ;    ;    ; 13.869 ;
; dataB[5]   ; out[8]      ; 16.558 ;    ;    ; 16.558 ;
; dataB[5]   ; out[9]      ; 17.375 ;    ;    ; 17.375 ;
; dataB[5]   ; out[10]     ; 18.143 ;    ;    ; 18.143 ;
; dataB[5]   ; out[11]     ; 19.344 ;    ;    ; 19.344 ;
; dataB[5]   ; out[12]     ; 20.454 ;    ;    ; 20.454 ;
; dataB[5]   ; out[13]     ; 24.539 ;    ;    ; 24.539 ;
; dataB[5]   ; out[14]     ; 24.828 ;    ;    ; 24.828 ;
; dataB[5]   ; out[15]     ; 26.159 ;    ;    ; 26.159 ;
; dataB[6]   ; out[6]      ; 10.945 ;    ;    ; 10.945 ;
; dataB[6]   ; out[7]      ; 12.585 ;    ;    ; 12.585 ;
; dataB[6]   ; out[8]      ; 15.274 ;    ;    ; 15.274 ;
; dataB[6]   ; out[9]      ; 16.091 ;    ;    ; 16.091 ;
; dataB[6]   ; out[10]     ; 16.859 ;    ;    ; 16.859 ;
; dataB[6]   ; out[11]     ; 18.060 ;    ;    ; 18.060 ;
; dataB[6]   ; out[12]     ; 19.170 ;    ;    ; 19.170 ;
; dataB[6]   ; out[13]     ; 23.255 ;    ;    ; 23.255 ;
; dataB[6]   ; out[14]     ; 23.544 ;    ;    ; 23.544 ;
; dataB[6]   ; out[15]     ; 24.875 ;    ;    ; 24.875 ;
; dataB[7]   ; out[7]      ; 10.556 ;    ;    ; 10.556 ;
; dataB[7]   ; out[8]      ; 13.987 ;    ;    ; 13.987 ;
; dataB[7]   ; out[9]      ; 14.804 ;    ;    ; 14.804 ;
; dataB[7]   ; out[10]     ; 15.572 ;    ;    ; 15.572 ;
; dataB[7]   ; out[11]     ; 16.773 ;    ;    ; 16.773 ;
; dataB[7]   ; out[12]     ; 17.883 ;    ;    ; 17.883 ;
; dataB[7]   ; out[13]     ; 21.968 ;    ;    ; 21.968 ;
; dataB[7]   ; out[14]     ; 22.257 ;    ;    ; 22.257 ;
; dataB[7]   ; out[15]     ; 23.588 ;    ;    ; 23.588 ;
; dataB[8]   ; out[8]      ; 11.711 ;    ;    ; 11.711 ;
; dataB[8]   ; out[9]      ; 13.085 ;    ;    ; 13.085 ;
; dataB[8]   ; out[10]     ; 13.853 ;    ;    ; 13.853 ;
; dataB[8]   ; out[11]     ; 15.054 ;    ;    ; 15.054 ;
; dataB[8]   ; out[12]     ; 16.164 ;    ;    ; 16.164 ;
; dataB[8]   ; out[13]     ; 20.249 ;    ;    ; 20.249 ;
; dataB[8]   ; out[14]     ; 20.538 ;    ;    ; 20.538 ;
; dataB[8]   ; out[15]     ; 21.869 ;    ;    ; 21.869 ;
; dataB[9]   ; out[9]      ; 10.952 ;    ;    ; 10.952 ;
; dataB[9]   ; out[10]     ; 12.838 ;    ;    ; 12.838 ;
; dataB[9]   ; out[11]     ; 14.039 ;    ;    ; 14.039 ;
; dataB[9]   ; out[12]     ; 15.149 ;    ;    ; 15.149 ;
; dataB[9]   ; out[13]     ; 19.234 ;    ;    ; 19.234 ;
; dataB[9]   ; out[14]     ; 19.523 ;    ;    ; 19.523 ;
; dataB[9]   ; out[15]     ; 20.854 ;    ;    ; 20.854 ;
; dataB[10]  ; out[10]     ; 10.849 ;    ;    ; 10.849 ;
; dataB[10]  ; out[11]     ; 13.079 ;    ;    ; 13.079 ;
; dataB[10]  ; out[12]     ; 14.189 ;    ;    ; 14.189 ;
; dataB[10]  ; out[13]     ; 18.274 ;    ;    ; 18.274 ;
; dataB[10]  ; out[14]     ; 18.563 ;    ;    ; 18.563 ;
; dataB[10]  ; out[15]     ; 19.894 ;    ;    ; 19.894 ;
; dataB[11]  ; out[11]     ; 10.845 ;    ;    ; 10.845 ;
; dataB[11]  ; out[12]     ; 13.008 ;    ;    ; 13.008 ;
; dataB[11]  ; out[13]     ; 17.093 ;    ;    ; 17.093 ;
; dataB[11]  ; out[14]     ; 17.382 ;    ;    ; 17.382 ;
; dataB[11]  ; out[15]     ; 18.713 ;    ;    ; 18.713 ;
; dataB[12]  ; out[12]     ; 11.305 ;    ;    ; 11.305 ;
; dataB[12]  ; out[13]     ; 16.586 ;    ;    ; 16.586 ;
; dataB[12]  ; out[14]     ; 16.875 ;    ;    ; 16.875 ;
; dataB[12]  ; out[15]     ; 18.206 ;    ;    ; 18.206 ;
; dataB[13]  ; out[13]     ; 13.202 ;    ;    ; 13.202 ;
; dataB[13]  ; out[14]     ; 13.681 ;    ;    ; 13.681 ;
; dataB[13]  ; out[15]     ; 15.012 ;    ;    ; 15.012 ;
; dataB[14]  ; out[14]     ; 11.107 ;    ;    ; 11.107 ;
; dataB[14]  ; out[15]     ; 12.796 ;    ;    ; 12.796 ;
; dataB[15]  ; out[15]     ; 10.937 ;    ;    ; 10.937 ;
; opcode[0]  ; out[0]      ; 11.614 ;    ;    ; 11.614 ;
; opcode[0]  ; out[1]      ; 12.286 ;    ;    ; 12.286 ;
; opcode[0]  ; out[2]      ; 13.983 ;    ;    ; 13.983 ;
; opcode[0]  ; out[3]      ; 13.765 ;    ;    ; 13.765 ;
; opcode[0]  ; out[4]      ; 14.924 ;    ;    ; 14.924 ;
; opcode[0]  ; out[5]      ; 14.425 ;    ;    ; 14.425 ;
; opcode[0]  ; out[6]      ; 14.685 ;    ;    ; 14.685 ;
; opcode[0]  ; out[7]      ; 14.324 ;    ;    ; 14.324 ;
; opcode[0]  ; out[8]      ; 14.966 ;    ;    ; 14.966 ;
; opcode[0]  ; out[9]      ; 14.741 ;    ;    ; 14.741 ;
; opcode[0]  ; out[10]     ; 14.767 ;    ;    ; 14.767 ;
; opcode[0]  ; out[11]     ; 14.732 ;    ;    ; 14.732 ;
; opcode[0]  ; out[12]     ; 15.296 ;    ;    ; 15.296 ;
; opcode[0]  ; out[13]     ; 12.518 ;    ;    ; 12.518 ;
; opcode[0]  ; out[14]     ; 12.518 ;    ;    ; 12.518 ;
; opcode[0]  ; out[15]     ; 11.951 ;    ;    ; 11.951 ;
; opcode[1]  ; out[0]      ; 15.985 ;    ;    ; 15.985 ;
; opcode[1]  ; out[1]      ; 14.813 ;    ;    ; 14.813 ;
; opcode[1]  ; out[2]      ; 13.761 ;    ;    ; 13.761 ;
; opcode[1]  ; out[3]      ; 14.345 ;    ;    ; 14.345 ;
; opcode[1]  ; out[4]      ; 15.505 ;    ;    ; 15.505 ;
; opcode[1]  ; out[5]      ; 11.964 ;    ;    ; 11.964 ;
; opcode[1]  ; out[6]      ; 12.214 ;    ;    ; 12.214 ;
; opcode[1]  ; out[7]      ; 11.846 ;    ;    ; 11.846 ;
; opcode[1]  ; out[8]      ; 12.081 ;    ;    ; 12.081 ;
; opcode[1]  ; out[9]      ; 11.865 ;    ;    ; 11.865 ;
; opcode[1]  ; out[10]     ; 11.882 ;    ;    ; 11.882 ;
; opcode[1]  ; out[11]     ; 12.060 ;    ;    ; 12.060 ;
; opcode[1]  ; out[12]     ; 12.627 ;    ;    ; 12.627 ;
; opcode[1]  ; out[13]     ; 15.323 ;    ;    ; 15.323 ;
; opcode[1]  ; out[14]     ; 15.318 ;    ;    ; 15.318 ;
; opcode[1]  ; out[15]     ; 14.296 ;    ;    ; 14.296 ;
; opcode[2]  ; out[0]      ; 16.326 ;    ;    ; 16.326 ;
; opcode[2]  ; out[1]      ; 13.011 ;    ;    ; 13.011 ;
; opcode[2]  ; out[2]      ; 14.105 ;    ;    ; 14.105 ;
; opcode[2]  ; out[3]      ; 14.203 ;    ;    ; 14.203 ;
; opcode[2]  ; out[4]      ; 15.363 ;    ;    ; 15.363 ;
; opcode[2]  ; out[5]      ; 13.871 ;    ;    ; 13.871 ;
; opcode[2]  ; out[6]      ; 14.124 ;    ;    ; 14.124 ;
; opcode[2]  ; out[7]      ; 13.756 ;    ;    ; 13.756 ;
; opcode[2]  ; out[8]      ; 14.627 ;    ;    ; 14.627 ;
; opcode[2]  ; out[9]      ; 14.413 ;    ;    ; 14.413 ;
; opcode[2]  ; out[10]     ; 14.427 ;    ;    ; 14.427 ;
; opcode[2]  ; out[11]     ; 13.774 ;    ;    ; 13.774 ;
; opcode[2]  ; out[12]     ; 14.340 ;    ;    ; 14.340 ;
; opcode[2]  ; out[13]     ; 13.160 ;    ;    ; 13.160 ;
; opcode[2]  ; out[14]     ; 13.171 ;    ;    ; 13.171 ;
; opcode[2]  ; out[15]     ; 12.490 ;    ;    ; 12.490 ;
+------------+-------------+--------+----+----+--------+


-------------------
; Clock Transfers ;
-------------------
Nothing to report.


---------------
; Report TCCS ;
---------------
No dedicated SERDES Transmitter circuitry present in device or used in design


---------------
; Report RSKM ;
---------------
No dedicated SERDES Receiver circuitry present in device or used in design


+------------------------------------------------+
; Unconstrained Paths                            ;
+---------------------------------+-------+------+
; Property                        ; Setup ; Hold ;
+---------------------------------+-------+------+
; Illegal Clocks                  ; 0     ; 0    ;
; Unconstrained Clocks            ; 0     ; 0    ;
; Unconstrained Input Ports       ; 35    ; 35   ;
; Unconstrained Input Port Paths  ; 320   ; 320  ;
; Unconstrained Output Ports      ; 16    ; 16   ;
; Unconstrained Output Port Paths ; 320   ; 320  ;
+---------------------------------+-------+------+


+------------------------------------+
; TimeQuest Timing Analyzer Messages ;
+------------------------------------+
Info: *******************************************************************
Info: Running Quartus II 32-bit TimeQuest Timing Analyzer
    Info: Version 13.0.1 Build 232 06/12/2013 Service Pack 1 SJ Full Version
    Info: Processing started: Tue Jan 17 17:39:14 2017
Info: Command: quartus_sta ALU -c ALU
Info: qsta_default_script.tcl version: #1
Info (20030): Parallel compilation is enabled and will use 2 of the 2 processors detected
Critical Warning (332012): Synopsys Design Constraints File file not found: 'ALU.sdc'. A Synopsys Design Constraints File is required by the TimeQuest Timing Analyzer to get proper timing constraints. Without it, the Compiler will not properly optimize the design.
Info (332142): No user constrained base clocks found in the design. Calling "derive_clocks -period 1.0"
Info (332096): The command derive_clocks did not find any clocks to derive.  No clocks were created or changed.
Warning (332068): No clocks defined in design.
Info: Found TIMEQUEST_REPORT_SCRIPT_INCLUDE_DEFAULT_ANALYSIS = ON
Info (332159): No clocks to report
Info (332140): No fmax paths to report
Info (332140): No Setup paths to report
Info (332140): No Hold paths to report
Info (332140): No Recovery paths to report
Info (332140): No Removal paths to report
Info (332140): No Minimum Pulse Width paths to report
Info (332001): The selected device family is not supported by the report_metastability command.
Info (332102): Design is not fully constrained for setup requirements
Info (332102): Design is not fully constrained for hold requirements
Info: Quartus II 32-bit TimeQuest Timing Analyzer was successful. 0 errors, 2 warnings
    Info: Peak virtual memory: 294 megabytes
    Info: Processing ended: Tue Jan 17 17:39:15 2017
    Info: Elapsed time: 00:00:01
    Info: Total CPU time (on all processors): 00:00:01


